A       ADJ                                                                                                                                                                                                                                                                    
ADV     ADV                                                                                                                                                                                                                                                                    
ADVPRO  ADV                                                                                                                                                                                                                                                                    
ANUM    ADJ                                                                                                                                                                                                                                                                    
APRO    DET                                                                                                                                                                                                                                                                    
COM     ADJ                                                                                                                                                                                                                                                                    
CONJ    SCONJ                                                                                                                                                                                                                                                                  
INTJ    INTJ                                                                                                                                                                                                                                                                   
NONLEX  X                                                                                                                                                                                                                                                                      
NUM     NUM                                                                                                                                                                                                                                                                    
PART    PART                                                                                                                                                                                                                                                                   
PR      ADP                                                                                                                                                                                                                                                                    
S       NOUN                                                                                                                                                                                                                                                                   
SPRO    PRON                                                                                                                                                                                                                                                                   
UNKN    X                                                                                                                                                                                                                                                                      
V       VERB
